[app.pillar.io/store/kingarthvr_.html]
[www.googleoptimize.com/optimizefe8e.js]
[rsms.me/inter/inter.css]
[pro.fontawesome.com/releases/v5.15.1/css/all.css]
[upload-widget.cloudinary.com/2.1.34/global/all.js]
[cdn.streamlabs.com/slobs-platform/lib/streamlabs-platform.min.js]
[cdn.jsdelivr.net/npm/slick-carousel@1.8.1/slick/slick.css]
[cdn.jsdelivr.net/npm/slick-carousel@1.8.1/slick/slick-theme.css]
[cdn.jsdelivr.net/npm/seamless-scroll-polyfill@latest/lib/bundle.min.js]
[analytics.tiktok.com/i18n/pixel/events.js]
[backblue.gif]
[fade.gif]
[index.html]
[platform.twitter.com/widgets.js]
[app.pillar.io/js/chunk-0129424a.096196ba.js]
[app.pillar.io/js/chunk-0203bbc8.cc3276aa.js]
[app.pillar.io/js/chunk-049fabf0.c975b149.js]
[app.pillar.io/js/chunk-08814756.cfed39b8.js]
[app.pillar.io/js/chunk-0d353c50.8c22806f.js]
[app.pillar.io/js/chunk-104856cd.e96ef499.js]
[app.pillar.io/js/chunk-11e1e150.1329ca4a.js]
[app.pillar.io/js/chunk-16ea5d80.72a70d1b.js]
[app.pillar.io/js/chunk-196df552.faadbc47.js]
[app.pillar.io/js/chunk-1bff2630.27b33e1f.js]
[app.pillar.io/js/chunk-2040c042.93504e26.js]
[app.pillar.io/js/chunk-207e09ba.6688fe6a.js]
[app.pillar.io/js/chunk-2337681e.16e736c7.js]
[app.pillar.io/js/chunk-23edd806.f36f91c8.js]
[app.pillar.io/js/chunk-26dbed98.4dfc1209.js]
[app.pillar.io/js/chunk-275067b1.7e6857eb.js]
[app.pillar.io/js/chunk-276559e8.141c9d6f.js]
[app.pillar.io/js/chunk-2a311766.2788ad48.js]
[app.pillar.io/js/chunk-2d0b2b08.a91ca684.js]
[app.pillar.io/js/chunk-2d0b6589.72a7cec8.js]
[app.pillar.io/js/chunk-2d0deac4.7bf8f446.js]
[app.pillar.io/js/chunk-2d0e509a.b96cc09c.js]
[app.pillar.io/js/chunk-2d0e6318.2cbbfc10.js]
[app.pillar.io/js/chunk-2d216214.1049f331.js]
[app.pillar.io/js/chunk-2d21801b.fb1184d0.js]
[app.pillar.io/js/chunk-2d21803b.3fdd7daf.js]
[app.pillar.io/js/chunk-2d21f8ca.ceb27b4f.js]
[app.pillar.io/js/chunk-2d22c0c4.f30a4764.js]
[app.pillar.io/js/chunk-2d22c0e8.598048da.js]
[app.pillar.io/js/chunk-2d22c468.381bc553.js]
[app.pillar.io/js/chunk-2d237151.c645e700.js]
[app.pillar.io/js/chunk-2eb7f08a.470a5d66.js]
[app.pillar.io/js/chunk-31530d4f.54756acb.js]
[app.pillar.io/js/chunk-318fb4ed.91a09a8f.js]
[app.pillar.io/js/chunk-32b6013a.b93aceb3.js]
[app.pillar.io/js/chunk-38cb6780.a4d85ae5.js]
[app.pillar.io/js/chunk-3a8573db.6bf823c6.js]
[app.pillar.io/js/chunk-3b093468.2ea7a907.js]
[app.pillar.io/js/chunk-3e73f1c6.31d2c1c1.js]
[app.pillar.io/js/chunk-41b1f887.4cdde634.js]
[app.pillar.io/js/chunk-4e54a379.de4e8f33.js]
[app.pillar.io/js/chunk-4e6026e1.0b52ee5a.js]
[app.pillar.io/js/chunk-4f7a3cab.68fb6a45.js]
[app.pillar.io/js/chunk-4fb94052.eed6ab9f.js]
[app.pillar.io/js/chunk-55e8c34a.535fc9c3.js]
[app.pillar.io/js/chunk-56303a17.6d2bc442.js]
[app.pillar.io/js/chunk-56a47c11.99862c3a.js]
[app.pillar.io/js/chunk-56ef6f13.f2118a48.js]
[app.pillar.io/js/chunk-5b04724d.f51b99fa.js]
[app.pillar.io/js/chunk-5b450e73.2aa53871.js]
[app.pillar.io/js/chunk-5c1bea62.887959bd.js]
[app.pillar.io/js/chunk-5fb29fa7.023e1ce3.js]
[app.pillar.io/js/chunk-60f4a941.b119e3c1.js]
[app.pillar.io/js/chunk-6230b446.57a4aa30.js]
[app.pillar.io/js/chunk-6930d978.99aa2b72.js]
[app.pillar.io/js/chunk-729ab904.435bd651.js]
[app.pillar.io/js/chunk-7542136e.59251b27.js]
[app.pillar.io/js/chunk-78893996.e6ac3e58.js]
[app.pillar.io/js/chunk-796671fa.251eaf0d.js]
[app.pillar.io/js/chunk-7ab0f132.e043e75b.js]
[app.pillar.io/js/chunk-7ca03935.079459d7.js]
[app.pillar.io/js/chunk-7e74c437.24defc96.js]
[app.pillar.io/js/chunk-7f13e8fa.2f0208f6.js]
[app.pillar.io/js/chunk-8044458a.8830a502.js]
[app.pillar.io/js/chunk-87ad0d92.637de1f8.js]
[app.pillar.io/js/chunk-8b02aa2e.7fd4039d.js]
[app.pillar.io/js/chunk-8e11552c.a0cdf0da.js]
[app.pillar.io/js/chunk-95156100.69f6d9a9.js]
[app.pillar.io/js/chunk-aeede118.56dcbd1f.js]
[app.pillar.io/js/chunk-c29c71a0.fe2f14ce.js]
[app.pillar.io/js/chunk-b8a5b820.f6006157.js]
[app.pillar.io/js/chunk-c57d2d04.29b23c73.js]
[app.pillar.io/js/chunk-cfa3dee8.6bb86bff.js]
[app.pillar.io/js/chunk-dba711f2.268e5877.js]
[app.pillar.io/js/chunk-ede9d23a.d38d0f92.js]
[app.pillar.io/js/chunk-f1fdf2fe.245e1331.js]
[app.pillar.io/js/chunk-f33d7d4e.db71d995.js]
[app.pillar.io/js/chunk-fe2c0eb8.8da02442.js]
[app.pillar.io/js/app.908c3003.js]
[app.pillar.io/js/runtime.1fc0d769.js]
[app.pillar.io/store/kingarthvr_.html]
[www.googletagmanager.com/gtm5445.html]
[app.pillar.io/js/chunk-vendors.9c4eb385.js]
[rsms.me/inter/font-files/Inter-Thin3535.woff2]
[rsms.me/inter/font-files/Inter-Thin3535.woff]
[rsms.me/inter/font-files/Inter-ThinItalic3535.woff2]
[rsms.me/inter/font-files/Inter-ThinItalic3535.woff]
[rsms.me/inter/font-files/Inter-ExtraLight3535.woff2]
[rsms.me/inter/font-files/Inter-ExtraLight3535.woff]
[rsms.me/inter/font-files/Inter-ExtraLightItalic3535.woff2]
[rsms.me/inter/font-files/Inter-ExtraLightItalic3535.woff]
[rsms.me/inter/font-files/Inter-Light3535.woff2]
[rsms.me/inter/font-files/Inter-Light3535.woff]
[rsms.me/inter/font-files/Inter-LightItalic3535.woff2]
[rsms.me/inter/font-files/Inter-LightItalic3535.woff]
[rsms.me/inter/font-files/Inter-Regular3535.woff2]
[rsms.me/inter/font-files/Inter-Regular3535.woff]
[rsms.me/inter/font-files/Inter-Italic3535.woff2]
[rsms.me/inter/font-files/Inter-Italic3535.woff]
[rsms.me/inter/font-files/Inter-Medium3535.woff2]
[rsms.me/inter/font-files/Inter-Medium3535.woff]
[rsms.me/inter/font-files/Inter-MediumItalic3535.woff2]
[rsms.me/inter/font-files/Inter-MediumItalic3535.woff]
[rsms.me/inter/font-files/Inter-SemiBold3535.woff2]
[rsms.me/inter/font-files/Inter-SemiBold3535.woff]
[rsms.me/inter/font-files/Inter-SemiBoldItalic3535.woff2]
[rsms.me/inter/font-files/Inter-SemiBoldItalic3535.woff]
[rsms.me/inter/font-files/Inter-Bold3535.woff2]
[rsms.me/inter/font-files/Inter-Bold3535.woff]
[rsms.me/inter/font-files/Inter-BoldItalic3535.woff2]
[rsms.me/inter/font-files/Inter-BoldItalic3535.woff]
[rsms.me/inter/font-files/Inter-ExtraBold3535.woff2]
[rsms.me/inter/font-files/Inter-ExtraBold3535.woff]
[rsms.me/inter/font-files/Inter-ExtraBoldItalic3535.woff2]
[rsms.me/inter/font-files/Inter-ExtraBoldItalic3535.woff]
[rsms.me/inter/font-files/Inter-Black3535.woff2]
[rsms.me/inter/font-files/Inter-Black3535.woff]
[rsms.me/inter/font-files/Inter-BlackItalic3535.woff2]
[rsms.me/inter/font-files/Inter-BlackItalic3535.woff]
[rsms.me/inter/font-files/Inter-roman.var3535.woff2]
[rsms.me/inter/font-files/Inter-italic.var3535.woff2]
[rsms.me/inter/font-files/Inter.var3535.woff2]
[rsms.me/inter/inter.css]
[pro.fontawesome.com/releases/v5.15.1/css/all.css]
[cdn.jsdelivr.net/npm/slick-carousel@1.8.1/slick/slick.css]
[cdn.jsdelivr.net/npm/slick-carousel@1.8.1/slick/ajax-loader.gif]
[cdn.jsdelivr.net/npm/slick-carousel@1.8.1/slick/fonts/slick.eot]
[cdn.jsdelivr.net/npm/slick-carousel@1.8.1/slick/fonts/slickd41d.eot]
[cdn.jsdelivr.net/npm/slick-carousel@1.8.1/slick/fonts/slick.woff]
[cdn.jsdelivr.net/npm/slick-carousel@1.8.1/slick/fonts/slick.ttf]
[cdn.jsdelivr.net/npm/slick-carousel@1.8.1/slick/fonts/slick.svg]
[cdn.jsdelivr.net/npm/slick-carousel@1.8.1/slick/slick-theme.css]
[cdn.jsdelivr.net/npm/slick-carousel@1.8.1/slick/fonts/slick.svg]
